.next/dev/types/validator.ts(62,39): error TS2306: File 'D:/Miftakhul-Rizky/App/dashboard-mg2-house/app/(auth)/register/page.tsx' is not a module.
